[2026-01-12 09:53:19] production.ERROR: Class "Facade\Ignition\IgnitionServiceProvider" not found {"exception":"[object] (Error(code: 0): Class \"Facade\\Ignition\\IgnitionServiceProvider\" not found at /home2/ezytix57/repositories/ezytix4u/vendor/laravel/framework/src/Illuminate/Foundation/Application.php:745)
[stacktrace]
#0 /home2/ezytix57/repositories/ezytix4u/vendor/laravel/framework/src/Illuminate/Foundation/Application.php(679): Illuminate\\Foundation\\Application->resolveProvider()
#1 /home2/ezytix57/repositories/ezytix4u/vendor/laravel/framework/src/Illuminate/Foundation/ProviderRepository.php(75): Illuminate\\Foundation\\Application->register()
#2 /home2/ezytix57/repositories/ezytix4u/vendor/laravel/framework/src/Illuminate/Foundation/Application.php(659): Illuminate\\Foundation\\ProviderRepository->load()
#3 /home2/ezytix57/repositories/ezytix4u/vendor/laravel/framework/src/Illuminate/Foundation/Bootstrap/RegisterProviders.php(17): Illuminate\\Foundation\\Application->registerConfiguredProviders()
#4 /home2/ezytix57/repositories/ezytix4u/vendor/laravel/framework/src/Illuminate/Foundation/Application.php(237): Illuminate\\Foundation\\Bootstrap\\RegisterProviders->bootstrap()
#5 /home2/ezytix57/repositories/ezytix4u/vendor/laravel/framework/src/Illuminate/Foundation/Http/Kernel.php(153): Illuminate\\Foundation\\Application->bootstrapWith()
#6 /home2/ezytix57/repositories/ezytix4u/vendor/laravel/framework/src/Illuminate/Foundation/Http/Kernel.php(137): Illuminate\\Foundation\\Http\\Kernel->bootstrap()
#7 /home2/ezytix57/repositories/ezytix4u/vendor/laravel/framework/src/Illuminate/Foundation/Http/Kernel.php(111): Illuminate\\Foundation\\Http\\Kernel->sendRequestThroughRouter()
#8 /home2/ezytix57/public_html/index.php(51): Illuminate\\Foundation\\Http\\Kernel->handle()
#9 {main}
"} 
[2026-01-12 09:53:19] production.ERROR: Target class [translator] does not exist. (View: /home2/ezytix57/repositories/ezytix4u/vendor/laravel/framework/src/Illuminate/Foundation/Exceptions/views/500.blade.php) {"exception":"[object] (Illuminate\\View\\ViewException(code: 0): Target class [translator] does not exist. (View: /home2/ezytix57/repositories/ezytix4u/vendor/laravel/framework/src/Illuminate/Foundation/Exceptions/views/500.blade.php) at /home2/ezytix57/repositories/ezytix4u/vendor/laravel/framework/src/Illuminate/Container/Container.php:879)
[stacktrace]
#0 /home2/ezytix57/repositories/ezytix4u/vendor/laravel/framework/src/Illuminate/View/Engines/PhpEngine.php(60): Illuminate\\View\\Engines\\CompilerEngine->handleViewException()
#1 /home2/ezytix57/repositories/ezytix4u/vendor/laravel/framework/src/Illuminate/View/Engines/CompilerEngine.php(61): Illuminate\\View\\Engines\\PhpEngine->evaluatePath()
#2 /home2/ezytix57/repositories/ezytix4u/vendor/laravel/framework/src/Illuminate/View/View.php(139): Illuminate\\View\\Engines\\CompilerEngine->get()
#3 /home2/ezytix57/repositories/ezytix4u/vendor/laravel/framework/src/Illuminate/View/View.php(122): Illuminate\\View\\View->getContents()
#4 /home2/ezytix57/repositories/ezytix4u/vendor/laravel/framework/src/Illuminate/View/View.php(91): Illuminate\\View\\View->renderContents()
#5 /home2/ezytix57/repositories/ezytix4u/vendor/laravel/framework/src/Illuminate/Http/Response.php(69): Illuminate\\View\\View->render()
#6 /home2/ezytix57/repositories/ezytix4u/vendor/laravel/framework/src/Illuminate/Http/Response.php(35): Illuminate\\Http\\Response->setContent()
#7 /home2/ezytix57/repositories/ezytix4u/vendor/laravel/framework/src/Illuminate/Routing/ResponseFactory.php(55): Illuminate\\Http\\Response->__construct()
#8 /home2/ezytix57/repositories/ezytix4u/vendor/laravel/framework/src/Illuminate/Routing/ResponseFactory.php(85): Illuminate\\Routing\\ResponseFactory->make()
#9 /home2/ezytix57/repositories/ezytix4u/vendor/laravel/framework/src/Illuminate/Foundation/Exceptions/Handler.php(582): Illuminate\\Routing\\ResponseFactory->view()
#10 /home2/ezytix57/repositories/ezytix4u/vendor/laravel/framework/src/Illuminate/Foundation/Exceptions/Handler.php(490): Illuminate\\Foundation\\Exceptions\\Handler->renderHttpException()
#11 /home2/ezytix57/repositories/ezytix4u/vendor/laravel/framework/src/Illuminate/Foundation/Exceptions/Handler.php(356): Illuminate\\Foundation\\Exceptions\\Handler->prepareResponse()
#12 /home2/ezytix57/repositories/ezytix4u/vendor/laravel/framework/src/Illuminate/Foundation/Http/Kernel.php(427): Illuminate\\Foundation\\Exceptions\\Handler->render()
#13 /home2/ezytix57/repositories/ezytix4u/vendor/laravel/framework/src/Illuminate/Foundation/Http/Kernel.php(115): Illuminate\\Foundation\\Http\\Kernel->renderException()
#14 /home2/ezytix57/public_html/index.php(51): Illuminate\\Foundation\\Http\\Kernel->handle()
#15 {main}

[previous exception] [object] (Illuminate\\Contracts\\Container\\BindingResolutionException(code: 0): Target class [translator] does not exist. at /home2/ezytix57/repositories/ezytix4u/vendor/laravel/framework/src/Illuminate/Container/Container.php:879)
[stacktrace]
#0 /home2/ezytix57/repositories/ezytix4u/vendor/laravel/framework/src/Illuminate/Container/Container.php(758): Illuminate\\Container\\Container->build()
#1 /home2/ezytix57/repositories/ezytix4u/vendor/laravel/framework/src/Illuminate/Foundation/Application.php(851): Illuminate\\Container\\Container->resolve()
#2 /home2/ezytix57/repositories/ezytix4u/vendor/laravel/framework/src/Illuminate/Container/Container.php(694): Illuminate\\Foundation\\Application->resolve()
#3 /home2/ezytix57/repositories/ezytix4u/vendor/laravel/framework/src/Illuminate/Foundation/Application.php(836): Illuminate\\Container\\Container->make()
#4 /home2/ezytix57/repositories/ezytix4u/vendor/laravel/framework/src/Illuminate/Foundation/helpers.php(119): Illuminate\\Foundation\\Application->make()
#5 /home2/ezytix57/repositories/ezytix4u/vendor/laravel/framework/src/Illuminate/Foundation/helpers.php(835): app()
#6 /home2/ezytix57/repositories/ezytix4u/vendor/laravel/framework/src/Illuminate/Foundation/helpers.php(870): trans()
#7 /home2/ezytix57/repositories/ezytix4u/storage/framework/views/ce7d9a3c2ec4d644c06eecfcf261c03f2dcfc859.php(1): __()
#8 /home2/ezytix57/repositories/ezytix4u/vendor/laravel/framework/src/Illuminate/Filesystem/Filesystem.php(107): require('/home2/ezytix57...')
#9 /home2/ezytix57/repositories/ezytix4u/vendor/laravel/framework/src/Illuminate/Filesystem/Filesystem.php(108): Illuminate\\Filesystem\\Filesystem::Illuminate\\Filesystem\\{closure}()
#10 /home2/ezytix57/repositories/ezytix4u/vendor/laravel/framework/src/Illuminate/View/Engines/PhpEngine.php(58): Illuminate\\Filesystem\\Filesystem->getRequire()
#11 /home2/ezytix57/repositories/ezytix4u/vendor/laravel/framework/src/Illuminate/View/Engines/CompilerEngine.php(61): Illuminate\\View\\Engines\\PhpEngine->evaluatePath()
#12 /home2/ezytix57/repositories/ezytix4u/vendor/laravel/framework/src/Illuminate/View/View.php(139): Illuminate\\View\\Engines\\CompilerEngine->get()
#13 /home2/ezytix57/repositories/ezytix4u/vendor/laravel/framework/src/Illuminate/View/View.php(122): Illuminate\\View\\View->getContents()
#14 /home2/ezytix57/repositories/ezytix4u/vendor/laravel/framework/src/Illuminate/View/View.php(91): Illuminate\\View\\View->renderContents()
#15 /home2/ezytix57/repositories/ezytix4u/vendor/laravel/framework/src/Illuminate/Http/Response.php(69): Illuminate\\View\\View->render()
#16 /home2/ezytix57/repositories/ezytix4u/vendor/laravel/framework/src/Illuminate/Http/Response.php(35): Illuminate\\Http\\Response->setContent()
#17 /home2/ezytix57/repositories/ezytix4u/vendor/laravel/framework/src/Illuminate/Routing/ResponseFactory.php(55): Illuminate\\Http\\Response->__construct()
#18 /home2/ezytix57/repositories/ezytix4u/vendor/laravel/framework/src/Illuminate/Routing/ResponseFactory.php(85): Illuminate\\Routing\\ResponseFactory->make()
#19 /home2/ezytix57/repositories/ezytix4u/vendor/laravel/framework/src/Illuminate/Foundation/Exceptions/Handler.php(582): Illuminate\\Routing\\ResponseFactory->view()
#20 /home2/ezytix57/repositories/ezytix4u/vendor/laravel/framework/src/Illuminate/Foundation/Exceptions/Handler.php(490): Illuminate\\Foundation\\Exceptions\\Handler->renderHttpException()
#21 /home2/ezytix57/repositories/ezytix4u/vendor/laravel/framework/src/Illuminate/Foundation/Exceptions/Handler.php(356): Illuminate\\Foundation\\Exceptions\\Handler->prepareResponse()
#22 /home2/ezytix57/repositories/ezytix4u/vendor/laravel/framework/src/Illuminate/Foundation/Http/Kernel.php(427): Illuminate\\Foundation\\Exceptions\\Handler->render()
#23 /home2/ezytix57/repositories/ezytix4u/vendor/laravel/framework/src/Illuminate/Foundation/Http/Kernel.php(115): Illuminate\\Foundation\\Http\\Kernel->renderException()
#24 /home2/ezytix57/public_html/index.php(51): Illuminate\\Foundation\\Http\\Kernel->handle()
#25 {main}

[previous exception] [object] (ReflectionException(code: -1): Class \"translator\" does not exist at /home2/ezytix57/repositories/ezytix4u/vendor/laravel/framework/src/Illuminate/Container/Container.php:877)
[stacktrace]
#0 /home2/ezytix57/repositories/ezytix4u/vendor/laravel/framework/src/Illuminate/Container/Container.php(877): ReflectionClass->__construct()
#1 /home2/ezytix57/repositories/ezytix4u/vendor/laravel/framework/src/Illuminate/Container/Container.php(758): Illuminate\\Container\\Container->build()
#2 /home2/ezytix57/repositories/ezytix4u/vendor/laravel/framework/src/Illuminate/Foundation/Application.php(851): Illuminate\\Container\\Container->resolve()
#3 /home2/ezytix57/repositories/ezytix4u/vendor/laravel/framework/src/Illuminate/Container/Container.php(694): Illuminate\\Foundation\\Application->resolve()
#4 /home2/ezytix57/repositories/ezytix4u/vendor/laravel/framework/src/Illuminate/Foundation/Application.php(836): Illuminate\\Container\\Container->make()
#5 /home2/ezytix57/repositories/ezytix4u/vendor/laravel/framework/src/Illuminate/Foundation/helpers.php(119): Illuminate\\Foundation\\Application->make()
#6 /home2/ezytix57/repositories/ezytix4u/vendor/laravel/framework/src/Illuminate/Foundation/helpers.php(835): app()
#7 /home2/ezytix57/repositories/ezytix4u/vendor/laravel/framework/src/Illuminate/Foundation/helpers.php(870): trans()
#8 /home2/ezytix57/repositories/ezytix4u/storage/framework/views/ce7d9a3c2ec4d644c06eecfcf261c03f2dcfc859.php(1): __()
#9 /home2/ezytix57/repositories/ezytix4u/vendor/laravel/framework/src/Illuminate/Filesystem/Filesystem.php(107): require('/home2/ezytix57...')
#10 /home2/ezytix57/repositories/ezytix4u/vendor/laravel/framework/src/Illuminate/Filesystem/Filesystem.php(108): Illuminate\\Filesystem\\Filesystem::Illuminate\\Filesystem\\{closure}()
#11 /home2/ezytix57/repositories/ezytix4u/vendor/laravel/framework/src/Illuminate/View/Engines/PhpEngine.php(58): Illuminate\\Filesystem\\Filesystem->getRequire()
#12 /home2/ezytix57/repositories/ezytix4u/vendor/laravel/framework/src/Illuminate/View/Engines/CompilerEngine.php(61): Illuminate\\View\\Engines\\PhpEngine->evaluatePath()
#13 /home2/ezytix57/repositories/ezytix4u/vendor/laravel/framework/src/Illuminate/View/View.php(139): Illuminate\\View\\Engines\\CompilerEngine->get()
#14 /home2/ezytix57/repositories/ezytix4u/vendor/laravel/framework/src/Illuminate/View/View.php(122): Illuminate\\View\\View->getContents()
#15 /home2/ezytix57/repositories/ezytix4u/vendor/laravel/framework/src/Illuminate/View/View.php(91): Illuminate\\View\\View->renderContents()
#16 /home2/ezytix57/repositories/ezytix4u/vendor/laravel/framework/src/Illuminate/Http/Response.php(69): Illuminate\\View\\View->render()
#17 /home2/ezytix57/repositories/ezytix4u/vendor/laravel/framework/src/Illuminate/Http/Response.php(35): Illuminate\\Http\\Response->setContent()
#18 /home2/ezytix57/repositories/ezytix4u/vendor/laravel/framework/src/Illuminate/Routing/ResponseFactory.php(55): Illuminate\\Http\\Response->__construct()
#19 /home2/ezytix57/repositories/ezytix4u/vendor/laravel/framework/src/Illuminate/Routing/ResponseFactory.php(85): Illuminate\\Routing\\ResponseFactory->make()
#20 /home2/ezytix57/repositories/ezytix4u/vendor/laravel/framework/src/Illuminate/Foundation/Exceptions/Handler.php(582): Illuminate\\Routing\\ResponseFactory->view()
#21 /home2/ezytix57/repositories/ezytix4u/vendor/laravel/framework/src/Illuminate/Foundation/Exceptions/Handler.php(490): Illuminate\\Foundation\\Exceptions\\Handler->renderHttpException()
#22 /home2/ezytix57/repositories/ezytix4u/vendor/laravel/framework/src/Illuminate/Foundation/Exceptions/Handler.php(356): Illuminate\\Foundation\\Exceptions\\Handler->prepareResponse()
#23 /home2/ezytix57/repositories/ezytix4u/vendor/laravel/framework/src/Illuminate/Foundation/Http/Kernel.php(427): Illuminate\\Foundation\\Exceptions\\Handler->render()
#24 /home2/ezytix57/repositories/ezytix4u/vendor/laravel/framework/src/Illuminate/Foundation/Http/Kernel.php(115): Illuminate\\Foundation\\Http\\Kernel->renderException()
#25 /home2/ezytix57/public_html/index.php(51): Illuminate\\Foundation\\Http\\Kernel->handle()
#26 {main}
"} 
[2026-01-12 09:53:19] production.ERROR: Uncaught ReflectionException: Class "translator" does not exist in /home2/ezytix57/repositories/ezytix4u/vendor/laravel/framework/src/Illuminate/Container/Container.php:877
Stack trace:
#0 /home2/ezytix57/repositories/ezytix4u/vendor/laravel/framework/src/Illuminate/Container/Container.php(877): ReflectionClass->__construct()
#1 /home2/ezytix57/repositories/ezytix4u/vendor/laravel/framework/src/Illuminate/Container/Container.php(758): Illuminate\Container\Container->build()
#2 /home2/ezytix57/repositories/ezytix4u/vendor/laravel/framework/src/Illuminate/Foundation/Application.php(851): Illuminate\Container\Container->resolve()
#3 /home2/ezytix57/repositories/ezytix4u/vendor/laravel/framework/src/Illuminate/Container/Container.php(694): Illuminate\Foundation\Application->resolve()
#4 /home2/ezytix57/repositories/ezytix4u/vendor/laravel/framework/src/Illuminate/Foundation/Application.php(836): Illuminate\Container\Container->make()
#5 /home2/ezytix57/repositories/ezytix4u/vendor/laravel/framework/src/Illuminate/Foundation/helpers.php(119): Illuminate\Foundation\Application->make()
#6 /home2/ezytix57/repositories/ezytix4u/vendor/laravel/framework/src/Illuminate/Foundation/helpers.php(835): app()
#7 /home2/ezytix57/repositories/ezytix4u/vendor/laravel/framework/src/Illuminate/Foundation/helpers.php(870): trans()
#8 /home2/ezytix57/repositories/ezytix4u/storage/framework/views/ce7d9a3c2ec4d644c06eecfcf261c03f2dcfc859.php(1): __()
#9 /home2/ezytix57/repositories/ezytix4u/vendor/laravel/framework/src/Illuminate/Filesystem/Filesystem.php(107): require('/home2/ezytix57...')
#10 /home2/ezytix57/repositories/ezytix4u/vendor/laravel/framework/src/Illuminate/Filesystem/Filesystem.php(108): Illuminate\Filesystem\Filesystem::Illuminate\Filesystem\{closure}()
#11 /home2/ezytix57/repositories/ezytix4u/vendor/laravel/framework/src/Illuminate/View/Engines/PhpEngine.php(58): Illuminate\Filesystem\Filesystem->getRequire()
#12 /home2/ezytix57/repositories/ezytix4u/vendor/laravel/framework/src/Illuminate/View/Engines/CompilerEngine.php(61): Illuminate\View\Engines\PhpEngine->evaluatePath()
#13 /home2/ezytix57/repositories/ezytix4u/vendor/laravel/framework/src/Illuminate/View/View.php(139): Illuminate\View\Engines\CompilerEngine->get()
#14 /home2/ezytix57/repositories/ezytix4u/vendor/laravel/framework/src/Illuminate/View/View.php(122): Illuminate\View\View->getContents()
#15 /home2/ezytix57/repositories/ezytix4u/vendor/laravel/framework/src/Illuminate/View/View.php(91): Illuminate\View\View->renderContents()
#16 /home2/ezytix57/repositories/ezytix4u/vendor/laravel/framework/src/Illuminate/Http/Response.php(69): Illuminate\View\View->render()
#17 /home2/ezytix57/repositories/ezytix4u/vendor/laravel/framework/src/Illuminate/Http/Response.php(35): Illuminate\Http\Response->setContent()
#18 /home2/ezytix57/repositories/ezytix4u/vendor/laravel/framework/src/Illuminate/Routing/ResponseFactory.php(55): Illuminate\Http\Response->__construct()
#19 /home2/ezytix57/repositories/ezytix4u/vendor/laravel/framework/src/Illuminate/Routing/ResponseFactory.php(85): Illuminate\Routing\ResponseFactory->make()
#20 /home2/ezytix57/repositories/ezytix4u/vendor/laravel/framework/src/Illuminate/Foundation/Exceptions/Handler.php(582): Illuminate\Routing\ResponseFactory->view()
#21 /home2/ezytix57/repositories/ezytix4u/vendor/laravel/framework/src/Illuminate/Foundation/Exceptions/Handler.php(490): Illuminate\Foundation\Exceptions\Handler->renderHttpException()
#22 /home2/ezytix57/repositories/ezytix4u/vendor/laravel/framework/src/Illuminate/Foundation/Exceptions/Handler.php(356): Illuminate\Foundation\Exceptions\Handler->prepareResponse()
#23 /home2/ezytix57/repositories/ezytix4u/vendor/laravel/framework/src/Illuminate/Foundation/Bootstrap/HandleExceptions.php(196): Illuminate\Foundation\Exceptions\Handler->render()
#24 /home2/ezytix57/repositories/ezytix4u/vendor/laravel/framework/src/Illuminate/Foundation/Bootstrap/HandleExceptions.php(173): Illuminate\Foundation\Bootstrap\HandleExceptions->renderHttpResponse()
#25 [internal function]: Illuminate\Foundation\Bootstrap\HandleExceptions->handleException()
#26 {main}

Next Illuminate\Contracts\Container\BindingResolutionException: Target class [translator] does not exist. in /home2/ezytix57/repositories/ezytix4u/vendor/laravel/framework/src/Illuminate/Container/Container.php:879
Stack trace:
#0 /home2/ezytix57/repositories/ezytix4u/vendor/laravel/framework/src/Illuminate/Container/Container.php(758): Illuminate\Container\Container->build()
#1 /home2/ezytix57/repositories/ezytix4u/vendor/laravel/framework/src/Illuminate/Foundation/Application.php(851): Illuminate\Container\Container->resolve()
#2 /home2/ezytix57/repositories/ezytix4u/vendor/laravel/framework/src/Illuminate/Container/Container.php(694): Illuminate\Foundation\Application->resolve()
#3 /home2/ezytix57/repositories/ezytix4u/vendor/laravel/framework/src/Illuminate/Foundation/Application.php(836): Illuminate\Container\Container->make()
#4 /home2/ezytix57/repositories/ezytix4u/vendor/laravel/framework/src/Illuminate/Foundation/helpers.php(119): Illuminate\Foundation\Application->make()
#5 /home2/ezytix57/repositories/ezytix4u/vendor/laravel/framework/src/Illuminate/Foundation/helpers.php(835): app()
#6 /home2/ezytix57/repositories/ezytix4u/vendor/laravel/framework/src/Illuminate/Foundation/helpers.php(870): trans()
#7 /home2/ezytix57/repositories/ezytix4u/storage/framework/views/ce7d9a3c2ec4d644c06eecfcf261c03f2dcfc859.php(1): __()
#8 /home2/ezytix57/repositories/ezytix4u/vendor/laravel/framework/src/Illuminate/Filesystem/Filesystem.php(107): require('/home2/ezytix57...')
#9 /home2/ezytix57/repositories/ezytix4u/vendor/laravel/framework/src/Illuminate/Filesystem/Filesystem.php(108): Illuminate\Filesystem\Filesystem::Illuminate\Filesystem\{closure}()
#10 /home2/ezytix57/repositories/ezytix4u/vendor/laravel/framework/src/Illuminate/View/Engines/PhpEngine.php(58): Illuminate\Filesystem\Filesystem->getRequire()
#11 /home2/ezytix57/repositories/ezytix4u/vendor/laravel/framework/src/Illuminate/View/Engines/CompilerEngine.php(61): Illuminate\View\Engines\PhpEngine->evaluatePath()
#12 /home2/ezytix57/repositories/ezytix4u/vendor/laravel/framework/src/Illuminate/View/View.php(139): Illuminate\View\Engines\CompilerEngine->get()
#13 /home2/ezytix57/repositories/ezytix4u/vendor/laravel/framework/src/Illuminate/View/View.php(122): Illuminate\View\View->getContents()
#14 /home2/ezytix57/repositories/ezytix4u/vendor/laravel/framework/src/Illuminate/View/View.php(91): Illuminate\View\View->renderContents()
#15 /home2/ezytix57/repositories/ezytix4u/vendor/laravel/framework/src/Illuminate/Http/Response.php(69): Illuminate\View\View->render()
#16 /home2/ezytix57/repositories/ezytix4u/vendor/laravel/framework/src/Illuminate/Http/Response.php(35): Illuminate\Http\Response->setContent()
#17 /home2/ezytix57/repositories/ezytix4u/vendor/laravel/framework/src/Illuminate/Routing/ResponseFactory.php(55): Illuminate\Http\Response->__construct()
#18 /home2/ezytix57/repositories/ezytix4u/vendor/laravel/framework/src/Illuminate/Routing/ResponseFactory.php(85): Illuminate\Routing\ResponseFactory->make()
#19 /home2/ezytix57/repositories/ezytix4u/vendor/laravel/framework/src/Illuminate/Foundation/Exceptions/Handler.php(582): Illuminate\Routing\ResponseFactory->view()
#20 /home2/ezytix57/repositories/ezytix4u/vendor/laravel/framework/src/Illuminate/Foundation/Exceptions/Handler.php(490): Illuminate\Foundation\Exceptions\Handler->renderHttpException()
#21 /home2/ezytix57/repositories/ezytix4u/vendor/laravel/framework/src/Illuminate/Foundation/Exceptions/Handler.php(356): Illuminate\Foundation\Exceptions\Handler->prepareResponse()
#22 /home2/ezytix57/repositories/ezytix4u/vendor/laravel/framework/src/Illuminate/Foundation/Bootstrap/HandleExceptions.php(196): Illuminate\Foundation\Exceptions\Handler->render()
#23 /home2/ezytix57/repositories/ezytix4u/vendor/laravel/framework/src/Illuminate/Foundation/Bootstrap/HandleExceptions.php(173): Illuminate\Foundation\Bootstrap\HandleExceptions->renderHttpResponse()
#24 [internal function]: Illuminate\Foundation\Bootstrap\HandleExceptions->handleException()
#25 {main}

Next Illuminate\View\ViewException: Target class [translator] does not exist. (View: /home2/ezytix57/repositories/ezytix4u/vendor/laravel/framework/src/Illuminate/Foundation/Exceptions/views/500.blade.php) in /home2/ezytix57/repositories/ezytix4u/vendor/laravel/framework/src/Illuminate/Container/Container.php:879
Stack trace:
#0 /home2/ezytix57/repositories/ezytix4u/vendor/laravel/framework/src/Illuminate/View/Engines/PhpEngine.php(60): Illuminate\View\Engines\CompilerEngine->handleViewException()
#1 /home2/ezytix57/repositories/ezytix4u/vendor/laravel/framework/src/Illuminate/View/Engines/CompilerEngine.php(61): Illuminate\View\Engines\PhpEngine->evaluatePath()
#2 /home2/ezytix57/repositories/ezytix4u/vendor/laravel/framework/src/Illuminate/View/View.php(139): Illuminate\View\Engines\CompilerEngine->get()
#3 /home2/ezytix57/repositories/ezytix4u/vendor/laravel/framework/src/Illuminate/View/View.php(122): Illuminate\View\View->getContents()
#4 /home2/ezytix57/repositories/ezytix4u/vendor/laravel/framework/src/Illuminate/View/View.php(91): Illuminate\View\View->renderContents()
#5 /home2/ezytix57/repositories/ezytix4u/vendor/laravel/framework/src/Illuminate/Http/Response.php(69): Illuminate\View\View->render()
#6 /home2/ezytix57/repositories/ezytix4u/vendor/laravel/framework/src/Illuminate/Http/Response.php(35): Illuminate\Http\Response->setContent()
#7 /home2/ezytix57/repositories/ezytix4u/vendor/laravel/framework/src/Illuminate/Routing/ResponseFactory.php(55): Illuminate\Http\Response->__construct()
#8 /home2/ezytix57/repositories/ezytix4u/vendor/laravel/framework/src/Illuminate/Routing/ResponseFactory.php(85): Illuminate\Routing\ResponseFactory->make()
#9 /home2/ezytix57/repositories/ezytix4u/vendor/laravel/framework/src/Illuminate/Foundation/Exceptions/Handler.php(582): Illuminate\Routing\ResponseFactory->view()
#10 /home2/ezytix57/repositories/ezytix4u/vendor/laravel/framework/src/Illuminate/Foundation/Exceptions/Handler.php(490): Illuminate\Foundation\Exceptions\Handler->renderHttpException()
#11 /home2/ezytix57/repositories/ezytix4u/vendor/laravel/framework/src/Illuminate/Foundation/Exceptions/Handler.php(356): Illuminate\Foundation\Exceptions\Handler->prepareResponse()
#12 /home2/ezytix57/repositories/ezytix4u/vendor/laravel/framework/src/Illuminate/Foundation/Bootstrap/HandleExceptions.php(196): Illuminate\Foundation\Exceptions\Handler->render()
#13 /home2/ezytix57/repositories/ezytix4u/vendor/laravel/framework/src/Illuminate/Foundation/Bootstrap/HandleExceptions.php(173): Illuminate\Foundation\Bootstrap\HandleExceptions->renderHttpResponse()
#14 [internal function]: Illuminate\Foundation\Bootstrap\HandleExceptions->handleException()
#15 {main}
  thrown {"exception":"[object] (Symfony\\Component\\ErrorHandler\\Error\\FatalError(code: 0): Uncaught ReflectionException: Class \"translator\" does not exist in /home2/ezytix57/repositories/ezytix4u/vendor/laravel/framework/src/Illuminate/Container/Container.php:877
Stack trace:
#0 /home2/ezytix57/repositories/ezytix4u/vendor/laravel/framework/src/Illuminate/Container/Container.php(877): ReflectionClass->__construct()
#1 /home2/ezytix57/repositories/ezytix4u/vendor/laravel/framework/src/Illuminate/Container/Container.php(758): Illuminate\\Container\\Container->build()
#2 /home2/ezytix57/repositories/ezytix4u/vendor/laravel/framework/src/Illuminate/Foundation/Application.php(851): Illuminate\\Container\\Container->resolve()
#3 /home2/ezytix57/repositories/ezytix4u/vendor/laravel/framework/src/Illuminate/Container/Container.php(694): Illuminate\\Foundation\\Application->resolve()
#4 /home2/ezytix57/repositories/ezytix4u/vendor/laravel/framework/src/Illuminate/Foundation/Application.php(836): Illuminate\\Container\\Container->make()
#5 /home2/ezytix57/repositories/ezytix4u/vendor/laravel/framework/src/Illuminate/Foundation/helpers.php(119): Illuminate\\Foundation\\Application->make()
#6 /home2/ezytix57/repositories/ezytix4u/vendor/laravel/framework/src/Illuminate/Foundation/helpers.php(835): app()
#7 /home2/ezytix57/repositories/ezytix4u/vendor/laravel/framework/src/Illuminate/Foundation/helpers.php(870): trans()
#8 /home2/ezytix57/repositories/ezytix4u/storage/framework/views/ce7d9a3c2ec4d644c06eecfcf261c03f2dcfc859.php(1): __()
#9 /home2/ezytix57/repositories/ezytix4u/vendor/laravel/framework/src/Illuminate/Filesystem/Filesystem.php(107): require('/home2/ezytix57...')
#10 /home2/ezytix57/repositories/ezytix4u/vendor/laravel/framework/src/Illuminate/Filesystem/Filesystem.php(108): Illuminate\\Filesystem\\Filesystem::Illuminate\\Filesystem\\{closure}()
#11 /home2/ezytix57/repositories/ezytix4u/vendor/laravel/framework/src/Illuminate/View/Engines/PhpEngine.php(58): Illuminate\\Filesystem\\Filesystem->getRequire()
#12 /home2/ezytix57/repositories/ezytix4u/vendor/laravel/framework/src/Illuminate/View/Engines/CompilerEngine.php(61): Illuminate\\View\\Engines\\PhpEngine->evaluatePath()
#13 /home2/ezytix57/repositories/ezytix4u/vendor/laravel/framework/src/Illuminate/View/View.php(139): Illuminate\\View\\Engines\\CompilerEngine->get()
#14 /home2/ezytix57/repositories/ezytix4u/vendor/laravel/framework/src/Illuminate/View/View.php(122): Illuminate\\View\\View->getContents()
#15 /home2/ezytix57/repositories/ezytix4u/vendor/laravel/framework/src/Illuminate/View/View.php(91): Illuminate\\View\\View->renderContents()
#16 /home2/ezytix57/repositories/ezytix4u/vendor/laravel/framework/src/Illuminate/Http/Response.php(69): Illuminate\\View\\View->render()
#17 /home2/ezytix57/repositories/ezytix4u/vendor/laravel/framework/src/Illuminate/Http/Response.php(35): Illuminate\\Http\\Response->setContent()
#18 /home2/ezytix57/repositories/ezytix4u/vendor/laravel/framework/src/Illuminate/Routing/ResponseFactory.php(55): Illuminate\\Http\\Response->__construct()
#19 /home2/ezytix57/repositories/ezytix4u/vendor/laravel/framework/src/Illuminate/Routing/ResponseFactory.php(85): Illuminate\\Routing\\ResponseFactory->make()
#20 /home2/ezytix57/repositories/ezytix4u/vendor/laravel/framework/src/Illuminate/Foundation/Exceptions/Handler.php(582): Illuminate\\Routing\\ResponseFactory->view()
#21 /home2/ezytix57/repositories/ezytix4u/vendor/laravel/framework/src/Illuminate/Foundation/Exceptions/Handler.php(490): Illuminate\\Foundation\\Exceptions\\Handler->renderHttpException()
#22 /home2/ezytix57/repositories/ezytix4u/vendor/laravel/framework/src/Illuminate/Foundation/Exceptions/Handler.php(356): Illuminate\\Foundation\\Exceptions\\Handler->prepareResponse()
#23 /home2/ezytix57/repositories/ezytix4u/vendor/laravel/framework/src/Illuminate/Foundation/Bootstrap/HandleExceptions.php(196): Illuminate\\Foundation\\Exceptions\\Handler->render()
#24 /home2/ezytix57/repositories/ezytix4u/vendor/laravel/framework/src/Illuminate/Foundation/Bootstrap/HandleExceptions.php(173): Illuminate\\Foundation\\Bootstrap\\HandleExceptions->renderHttpResponse()
#25 [internal function]: Illuminate\\Foundation\\Bootstrap\\HandleExceptions->handleException()
#26 {main}

Next Illuminate\\Contracts\\Container\\BindingResolutionException: Target class [translator] does not exist. in /home2/ezytix57/repositories/ezytix4u/vendor/laravel/framework/src/Illuminate/Container/Container.php:879
Stack trace:
#0 /home2/ezytix57/repositories/ezytix4u/vendor/laravel/framework/src/Illuminate/Container/Container.php(758): Illuminate\\Container\\Container->build()
#1 /home2/ezytix57/repositories/ezytix4u/vendor/laravel/framework/src/Illuminate/Foundation/Application.php(851): Illuminate\\Container\\Container->resolve()
#2 /home2/ezytix57/repositories/ezytix4u/vendor/laravel/framework/src/Illuminate/Container/Container.php(694): Illuminate\\Foundation\\Application->resolve()
#3 /home2/ezytix57/repositories/ezytix4u/vendor/laravel/framework/src/Illuminate/Foundation/Application.php(836): Illuminate\\Container\\Container->make()
#4 /home2/ezytix57/repositories/ezytix4u/vendor/laravel/framework/src/Illuminate/Foundation/helpers.php(119): Illuminate\\Foundation\\Application->make()
#5 /home2/ezytix57/repositories/ezytix4u/vendor/laravel/framework/src/Illuminate/Foundation/helpers.php(835): app()
#6 /home2/ezytix57/repositories/ezytix4u/vendor/laravel/framework/src/Illuminate/Foundation/helpers.php(870): trans()
#7 /home2/ezytix57/repositories/ezytix4u/storage/framework/views/ce7d9a3c2ec4d644c06eecfcf261c03f2dcfc859.php(1): __()
#8 /home2/ezytix57/repositories/ezytix4u/vendor/laravel/framework/src/Illuminate/Filesystem/Filesystem.php(107): require('/home2/ezytix57...')
#9 /home2/ezytix57/repositories/ezytix4u/vendor/laravel/framework/src/Illuminate/Filesystem/Filesystem.php(108): Illuminate\\Filesystem\\Filesystem::Illuminate\\Filesystem\\{closure}()
#10 /home2/ezytix57/repositories/ezytix4u/vendor/laravel/framework/src/Illuminate/View/Engines/PhpEngine.php(58): Illuminate\\Filesystem\\Filesystem->getRequire()
#11 /home2/ezytix57/repositories/ezytix4u/vendor/laravel/framework/src/Illuminate/View/Engines/CompilerEngine.php(61): Illuminate\\View\\Engines\\PhpEngine->evaluatePath()
#12 /home2/ezytix57/repositories/ezytix4u/vendor/laravel/framework/src/Illuminate/View/View.php(139): Illuminate\\View\\Engines\\CompilerEngine->get()
#13 /home2/ezytix57/repositories/ezytix4u/vendor/laravel/framework/src/Illuminate/View/View.php(122): Illuminate\\View\\View->getContents()
#14 /home2/ezytix57/repositories/ezytix4u/vendor/laravel/framework/src/Illuminate/View/View.php(91): Illuminate\\View\\View->renderContents()
#15 /home2/ezytix57/repositories/ezytix4u/vendor/laravel/framework/src/Illuminate/Http/Response.php(69): Illuminate\\View\\View->render()
#16 /home2/ezytix57/repositories/ezytix4u/vendor/laravel/framework/src/Illuminate/Http/Response.php(35): Illuminate\\Http\\Response->setContent()
#17 /home2/ezytix57/repositories/ezytix4u/vendor/laravel/framework/src/Illuminate/Routing/ResponseFactory.php(55): Illuminate\\Http\\Response->__construct()
#18 /home2/ezytix57/repositories/ezytix4u/vendor/laravel/framework/src/Illuminate/Routing/ResponseFactory.php(85): Illuminate\\Routing\\ResponseFactory->make()
#19 /home2/ezytix57/repositories/ezytix4u/vendor/laravel/framework/src/Illuminate/Foundation/Exceptions/Handler.php(582): Illuminate\\Routing\\ResponseFactory->view()
#20 /home2/ezytix57/repositories/ezytix4u/vendor/laravel/framework/src/Illuminate/Foundation/Exceptions/Handler.php(490): Illuminate\\Foundation\\Exceptions\\Handler->renderHttpException()
#21 /home2/ezytix57/repositories/ezytix4u/vendor/laravel/framework/src/Illuminate/Foundation/Exceptions/Handler.php(356): Illuminate\\Foundation\\Exceptions\\Handler->prepareResponse()
#22 /home2/ezytix57/repositories/ezytix4u/vendor/laravel/framework/src/Illuminate/Foundation/Bootstrap/HandleExceptions.php(196): Illuminate\\Foundation\\Exceptions\\Handler->render()
#23 /home2/ezytix57/repositories/ezytix4u/vendor/laravel/framework/src/Illuminate/Foundation/Bootstrap/HandleExceptions.php(173): Illuminate\\Foundation\\Bootstrap\\HandleExceptions->renderHttpResponse()
#24 [internal function]: Illuminate\\Foundation\\Bootstrap\\HandleExceptions->handleException()
#25 {main}

Next Illuminate\\View\\ViewException: Target class [translator] does not exist. (View: /home2/ezytix57/repositories/ezytix4u/vendor/laravel/framework/src/Illuminate/Foundation/Exceptions/views/500.blade.php) in /home2/ezytix57/repositories/ezytix4u/vendor/laravel/framework/src/Illuminate/Container/Container.php:879
Stack trace:
#0 /home2/ezytix57/repositories/ezytix4u/vendor/laravel/framework/src/Illuminate/View/Engines/PhpEngine.php(60): Illuminate\\View\\Engines\\CompilerEngine->handleViewException()
#1 /home2/ezytix57/repositories/ezytix4u/vendor/laravel/framework/src/Illuminate/View/Engines/CompilerEngine.php(61): Illuminate\\View\\Engines\\PhpEngine->evaluatePath()
#2 /home2/ezytix57/repositories/ezytix4u/vendor/laravel/framework/src/Illuminate/View/View.php(139): Illuminate\\View\\Engines\\CompilerEngine->get()
#3 /home2/ezytix57/repositories/ezytix4u/vendor/laravel/framework/src/Illuminate/View/View.php(122): Illuminate\\View\\View->getContents()
#4 /home2/ezytix57/repositories/ezytix4u/vendor/laravel/framework/src/Illuminate/View/View.php(91): Illuminate\\View\\View->renderContents()
#5 /home2/ezytix57/repositories/ezytix4u/vendor/laravel/framework/src/Illuminate/Http/Response.php(69): Illuminate\\View\\View->render()
#6 /home2/ezytix57/repositories/ezytix4u/vendor/laravel/framework/src/Illuminate/Http/Response.php(35): Illuminate\\Http\\Response->setContent()
#7 /home2/ezytix57/repositories/ezytix4u/vendor/laravel/framework/src/Illuminate/Routing/ResponseFactory.php(55): Illuminate\\Http\\Response->__construct()
#8 /home2/ezytix57/repositories/ezytix4u/vendor/laravel/framework/src/Illuminate/Routing/ResponseFactory.php(85): Illuminate\\Routing\\ResponseFactory->make()
#9 /home2/ezytix57/repositories/ezytix4u/vendor/laravel/framework/src/Illuminate/Foundation/Exceptions/Handler.php(582): Illuminate\\Routing\\ResponseFactory->view()
#10 /home2/ezytix57/repositories/ezytix4u/vendor/laravel/framework/src/Illuminate/Foundation/Exceptions/Handler.php(490): Illuminate\\Foundation\\Exceptions\\Handler->renderHttpException()
#11 /home2/ezytix57/repositories/ezytix4u/vendor/laravel/framework/src/Illuminate/Foundation/Exceptions/Handler.php(356): Illuminate\\Foundation\\Exceptions\\Handler->prepareResponse()
#12 /home2/ezytix57/repositories/ezytix4u/vendor/laravel/framework/src/Illuminate/Foundation/Bootstrap/HandleExceptions.php(196): Illuminate\\Foundation\\Exceptions\\Handler->render()
#13 /home2/ezytix57/repositories/ezytix4u/vendor/laravel/framework/src/Illuminate/Foundation/Bootstrap/HandleExceptions.php(173): Illuminate\\Foundation\\Bootstrap\\HandleExceptions->renderHttpResponse()
#14 [internal function]: Illuminate\\Foundation\\Bootstrap\\HandleExceptions->handleException()
#15 {main}
  thrown at /home2/ezytix57/repositories/ezytix4u/vendor/laravel/framework/src/Illuminate/Container/Container.php:879)
[stacktrace]
#0 {main}
"} 
