
text/x-log laravel.log ( ASCII text, with very long lines )
[2026-01-14 17:28:24] production.INFO: FilesystemServiceProvider: Set S3 ACL to null  
[2026-01-14 17:28:25] production.INFO: Stripe Keys Debug: pub=set, sec=set  
[2026-01-14 17:28:25] production.INFO: FilesystemServiceProvider: Set S3 ACL to null  
[2026-01-14 17:28:25] production.INFO: FilesystemServiceProvider: Set S3 ACL to null  
[2026-01-14 17:28:25] production.INFO: FilesystemServiceProvider: Set S3 ACL to null  
[2026-01-14 17:28:25] production.INFO: FilesystemServiceProvider: Set S3 ACL to null  
[2026-01-14 17:28:26] production.INFO: FilesystemServiceProvider: Set S3 ACL to null  
[2026-01-14 17:28:30] production.INFO: FilesystemServiceProvider: Set S3 ACL to null  
[2026-01-14 17:28:30] production.INFO: Billplz Service Initialization {"environment":"production","apiKey_length":0,"xSignatureKey_length":0,"collectionId":null,"redirectUri":null} 
[2026-01-14 17:28:30] production.INFO: Chipin Service Initialization {"environment":"production","chipin_environment":"0","brandId":"fb1327e5-aa44-4787-9fad-0b28763490a0","apiKey_length":88} 
[2026-01-14 17:28:30] production.INFO: FilesystemServiceProvider: Set S3 ACL to null  
[2026-01-14 17:28:31] production.INFO: FilesystemServiceProvider: Set S3 ACL to null  
[2026-01-14 17:28:31] production.INFO: FilesystemServiceProvider: Set S3 ACL to null  
[2026-01-14 17:28:31] production.INFO: FilesystemServiceProvider: Set S3 ACL to null  
[2026-01-14 17:28:32] production.INFO: FilesystemServiceProvider: Set S3 ACL to null  
[2026-01-14 17:28:33] production.INFO: FilesystemServiceProvider: Set S3 ACL to null  
[2026-01-14 17:28:33] production.INFO: Stripe Keys Debug: pub=set, sec=set  
[2026-01-14 17:28:33] production.INFO: FilesystemServiceProvider: Set S3 ACL to null  
[2026-01-14 17:28:33] production.INFO: FilesystemServiceProvider: Set S3 ACL to null  
[2026-01-14 17:28:33] production.INFO: FilesystemServiceProvider: Set S3 ACL to null  
[2026-01-14 17:28:33] production.INFO: FilesystemServiceProvider: Set S3 ACL to null  
[2026-01-14 17:28:48] production.INFO: FilesystemServiceProvider: Set S3 ACL to null  
[2026-01-14 17:28:48] production.INFO: Billplz Service Initialization {"environment":"production","apiKey_length":0,"xSignatureKey_length":0,"collectionId":null,"redirectUri":null} 
[2026-01-14 17:28:48] production.INFO: Chipin Service Initialization {"environment":"production","chipin_environment":"0","brandId":"fb1327e5-aa44-4787-9fad-0b28763490a0","apiKey_length":88} 
[2026-01-14 17:28:48] production.ERROR: Class "Stripe\Checkout\Session" not found {"userId":30,"exception":"[object] (Error(code: 0): Class \"Stripe\\Checkout\\Session\" not found at /home2/ezytix57/repositories/ezytix4u/eventmie-pro/src/Services/StripeService.php:36)
[stacktrace]
#0 /home2/ezytix57/repositories/ezytix4u/eventmie-pro/src/Http/Controllers/BookingsController.php(1825): Classiebit\\Eventmie\\Services\\StripeService->createCheckoutSession()
#1 /home2/ezytix57/repositories/ezytix4u/eventmie-pro/src/Http/Controllers/BookingsController.php(737): Classiebit\\Eventmie\\Http\\Controllers\\BookingsController->multiple_payment_method()
#2 /home2/ezytix57/repositories/ezytix4u/eventmie-pro/src/Http/Controllers/BookingsController.php(703): Classiebit\\Eventmie\\Http\\Controllers\\BookingsController->init_checkout()
#3 /home2/ezytix57/repositories/ezytix4u/vendor/laravel/framework/src/Illuminate/Routing/Controller.php(54): Classiebit\\Eventmie\\Http\\Controllers\\BookingsController->book_tickets()
#4 /home2/ezytix57/repositories/ezytix4u/vendor/laravel/framework/src/Illuminate/Routing/ControllerDispatcher.php(45): Illuminate\\Routing\\Controller->callAction()
#5 /home2/ezytix57/repositories/ezytix4u/vendor/laravel/framework/src/Illuminate/Routing/Route.php(261): Illuminate\\Routing\\ControllerDispatcher->dispatch()
#6 /home2/ezytix57/repositories/ezytix4u/vendor/laravel/framework/src/Illuminate/Routing/Route.php(205): Illuminate\\Routing\\Route->runController()
#7 /home2/ezytix57/repositories/ezytix4u/vendor/laravel/framework/src/Illuminate/Routing/Router.php(721): Illuminate\\Routing\\Route->run()
#8 /home2/ezytix57/repositories/ezytix4u/vendor/laravel/framework/src/Illuminate/Pipeline/Pipeline.php(128): Illuminate\\Routing\\Router->Illuminate\\Routing\\{closure}()
#9 /home2/ezytix57/repositories/ezytix4u/eventmie-pro/src/Middleware/CommonMiddleware.php(20): Illuminate\\Pipeline\\Pipeline->Illuminate\\Pipeline\\{closure}()
#10 /home2/ezytix57/repositories/ezytix4u/vendor/laravel/framework/src/Illuminate/Pipeline/Pipeline.php(167): Classiebit\\Eventmie\\Middleware\\CommonMiddleware->handle()
#11 /home2/ezytix57/repositories/ezytix4u/eventmie-pro/src/Middleware/EnsureEmailIsVerified.php(36): Illuminate\\Pipeline\\Pipeline->Illuminate\\Pipeline\\{closure}()
#12 /home2/ezytix57/repositories/ezytix4u/vendor/laravel/framework/src/Illuminate/Pipeline/Pipeline.php(167): Classiebit\\Eventmie\\Middleware\\EnsureEmailIsVerified->handle()
#13 /home2/ezytix57/repositories/ezytix4u/vendor/laravel/framework/src/Illuminate/Routing/Middleware/SubstituteBindings.php(50): Illuminate\\Pipeline\\Pipeline->Illuminate\\Pipeline\\{closure}()
#14 /home2/ezytix57/repositories/ezytix4u/vendor/laravel/framework/src/Illuminate/Pipeline/Pipeline.php(167): Illuminate\\Routing\\Middleware\\SubstituteBindings->handle()
#15 /home2/ezytix57/repositories/ezytix4u/vendor/laravel/framework/src/Illuminate/Auth/Middleware/Authenticate.php(44): Illuminate\\Pipeline\\Pipeline->Illuminate\\Pipeline\\{closure}()
#16 /home2/ezytix57/repositories/ezytix4u/vendor/laravel/framework/src/Illuminate/Pipeline/Pipeline.php(167): Illuminate\\Auth\\Middleware\\Authenticate->handle()
#17 /home2/ezytix57/repositories/ezytix4u/vendor/laravel/framework/src/Illuminate/Foundation/Http/Middleware/VerifyCsrfToken.php(78): Illuminate\\Pipeline\\Pipeline->Illuminate\\Pipeline\\{closure}()
#18 /home2/ezytix57/repositories/ezytix4u/vendor/laravel/framework/src/Illuminate/Pipeline/Pipeline.php(167): Illuminate\\Foundation\\Http\\Middleware\\VerifyCsrfToken->handle()
#19 /home2/ezytix57/repositories/ezytix4u/vendor/laravel/framework/src/Illuminate/View/Middleware/ShareErrorsFromSession.php(49): Illuminate\\Pipeline\\Pipeline->Illuminate\\Pipeline\\{closure}()
#20 /home2/ezytix57/repositories/ezytix4u/vendor/laravel/framework/src/Illuminate/Pipeline/Pipeline.php(167): Illuminate\\View\\Middleware\\ShareErrorsFromSession->handle()
#21 /home2/ezytix57/repositories/ezytix4u/vendor/laravel/framework/src/Illuminate/Session/Middleware/StartSession.php(121): Illuminate\\Pipeline\\Pipeline->Illuminate\\Pipeline\\{closure}()
#22 /home2/ezytix57/repositories/ezytix4u/vendor/laravel/framework/src/Illuminate/Session/Middleware/StartSession.php(64): Illuminate\\Session\\Middleware\\StartSession->handleStatefulRequest()
#23 /home2/ezytix57/repositories/ezytix4u/vendor/laravel/framework/src/Illuminate/Pipeline/Pipeline.php(167): Illuminate\\Session\\Middleware\\StartSession->handle()
#24 /home2/ezytix57/repositories/ezytix4u/vendor/laravel/framework/src/Illuminate/Cookie/Middleware/AddQueuedCookiesToResponse.php(37): Illuminate\\Pipeline\\Pipeline->Illuminate\\Pipeline\\{closure}()
#25 /home2/ezytix57/repositories/ezytix4u/vendor/laravel/framework/src/Illuminate/Pipeline/Pipeline.php(167): Illuminate\\Cookie\\Middleware\\AddQueuedCookiesToResponse->handle()
#26 /home2/ezytix57/repositories/ezytix4u/vendor/laravel/framework/src/Illuminate/Cookie/Middleware/EncryptCookies.php(67): Illuminate\\Pipeline\\Pipeline->Illuminate\\Pipeline\\{closure}()
#27 /home2/ezytix57/repositories/ezytix4u/vendor/laravel/framework/src/Illuminate/Pipeline/Pipeline.php(167): Illuminate\\Cookie\\Middleware\\EncryptCookies->handle()
#28 /home2/ezytix57/repositories/ezytix4u/vendor/laravel/framework/src/Illuminate/Pipeline/Pipeline.php(103): Illuminate\\Pipeline\\Pipeline->Illuminate\\Pipeline\\{closure}()
#29 /home2/ezytix57/repositories/ezytix4u/vendor/laravel/framework/src/Illuminate/Routing/Router.php(719): Illuminate\\Pipeline\\Pipeline->then()
#30 /home2/ezytix57/repositories/ezytix4u/vendor/laravel/framework/src/Illuminate/Routing/Router.php(698): Illuminate\\Routing\\Router->runRouteWithinStack()
#31 /home2/ezytix57/repositories/ezytix4u/vendor/laravel/framework/src/Illuminate/Routing/Router.php(662): Illuminate\\Routing\\Router->runRoute()
#32 /home2/ezytix57/repositories/ezytix4u/vendor/laravel/framework/src/Illuminate/Routing/Router.php(651): Illuminate\\Routing\\Router->dispatchToRoute()
#33 /home2/ezytix57/repositories/ezytix4u/vendor/laravel/framework/src/Illuminate/Foundation/Http/Kernel.php(167): Illuminate\\Routing\\Router->dispatch()
#34 /home2/ezytix57/repositories/ezytix4u/vendor/laravel/framework/src/Illuminate/Pipeline/Pipeline.php(128): Illuminate\\Foundation\\Http\\Kernel->Illuminate\\Foundation\\Http\\{closure}()
#35 /home2/ezytix57/repositories/ezytix4u/vendor/laravel/framework/src/Illuminate/Foundation/Http/Middleware/TransformsRequest.php(21): Illuminate\\Pipeline\\Pipeline->Illuminate\\Pipeline\\{closure}()
#36 /home2/ezytix57/repositories/ezytix4u/vendor/laravel/framework/src/Illuminate/Foundation/Http/Middleware/ConvertEmptyStringsToNull.php(31): Illuminate\\Foundation\\Http\\Middleware\\TransformsRequest->handle()
#37 /home2/ezytix57/repositories/ezytix4u/vendor/laravel/framework/src/Illuminate/Pipeline/Pipeline.php(167): Illuminate\\Foundation\\Http\\Middleware\\ConvertEmptyStringsToNull->handle()
#38 /home2/ezytix57/repositories/ezytix4u/vendor/laravel/framework/src/Illuminate/Foundation/Http/Middleware/TransformsRequest.php(21): Illuminate\\Pipeline\\Pipeline->Illuminate\\Pipeline\\{closure}()
#39 /home2/ezytix57/repositories/ezytix4u/vendor/laravel/framework/src/Illuminate/Foundation/Http/Middleware/TrimStrings.php(40): Illuminate\\Foundation\\Http\\Middleware\\TransformsRequest->handle()
#40 /home2/ezytix57/repositories/ezytix4u/vendor/laravel/framework/src/Illuminate/Pipeline/Pipeline.php(167): Illuminate\\Foundation\\Http\\Middleware\\TrimStrings->handle()
#41 /home2/ezytix57/repositories/ezytix4u/vendor/laravel/framework/src/Illuminate/Foundation/Http/Middleware/ValidatePostSize.php(27): Illuminate\\Pipeline\\Pipeline->Illuminate\\Pipeline\\{closure}()
#42 /home2/ezytix57/repositories/ezytix4u/vendor/laravel/framework/src/Illuminate/Pipeline/Pipeline.php(167): Illuminate\\Foundation\\Http\\Middleware\\ValidatePostSize->handle()
#43 /home2/ezytix57/repositories/ezytix4u/vendor/laravel/framework/src/Illuminate/Foundation/Http/Middleware/PreventRequestsDuringMaintenance.php(86): Illuminate\\Pipeline\\Pipeline->Illuminate\\Pipeline\\{closure}()
#44 /home2/ezytix57/repositories/ezytix4u/vendor/laravel/framework/src/Illuminate/Pipeline/Pipeline.php(167): Illuminate\\Foundation\\Http\\Middleware\\PreventRequestsDuringMaintenance->handle()
#45 /home2/ezytix57/repositories/ezytix4u/vendor/fruitcake/laravel-cors/src/HandleCors.php(38): Illuminate\\Pipeline\\Pipeline->Illuminate\\Pipeline\\{closure}()
#46 /home2/ezytix57/repositories/ezytix4u/vendor/laravel/framework/src/Illuminate/Pipeline/Pipeline.php(167): Fruitcake\\Cors\\HandleCors->handle()
#47 /home2/ezytix57/repositories/ezytix4u/vendor/laravel/framework/src/Illuminate/Http/Middleware/TrustProxies.php(39): Illuminate\\Pipeline\\Pipeline->Illuminate\\Pipeline\\{closure}()
#48 /home2/ezytix57/repositories/ezytix4u/vendor/laravel/framework/src/Illuminate/Pipeline/Pipeline.php(167): Illuminate\\Http\\Middleware\\TrustProxies->handle()
#49 /home2/ezytix57/repositories/ezytix4u/vendor/laravel/framework/src/Illuminate/Pipeline/Pipeline.php(103): Illuminate\\Pipeline\\Pipeline->Illuminate\\Pipeline\\{closure}()
#50 /home2/ezytix57/repositories/ezytix4u/vendor/laravel/framework/src/Illuminate/Foundation/Http/Kernel.php(142): Illuminate\\Pipeline\\Pipeline->then()
#51 /home2/ezytix57/repositories/ezytix4u/vendor/laravel/framework/src/Illuminate/Foundation/Http/Kernel.php(111): Illuminate\\Foundation\\Http\\Kernel->sendRequestThroughRouter()
#52 /home2/ezytix57/public_html/index.php(51): Illuminate\\Foundation\\Http\\Kernel->handle()
#53 {main}
"} 
[2026-01-14 17:31:50] production.INFO: FilesystemServiceProvider: Set S3 ACL to null  
[2026-01-14 17:31:50] production.INFO: Billplz Service Initialization {"environment":"production","apiKey_length":0,"xSignatureKey_length":0,"collectionId":null,"redirectUri":null} 
[2026-01-14 17:31:50] production.INFO: Chipin Service Initialization {"environment":"production","chipin_environment":"0","brandId":"fb1327e5-aa44-4787-9fad-0b28763490a0","apiKey_length":88} 
[2026-01-14 17:31:50] production.INFO: Creating Chipin payment {"order_number":"1768411910742"} 
[2026-01-14 17:31:50] production.INFO: Chipin Create Payment Parameters (Refactored) {"brand_id":"fb1327e5-aa44-4787-9fad-0b28763490a0","client":{"email":"rashid@ezytix4u.com","phone":"6010000000","full_name":"rashid","first_name":"rashid","address":"Default Address","city":"Default City","country":"MY","postcode":"12345"},"purchase":{"products":[{"name":"Explore the Future of AI ( | Early bird | )","price":12281,"quantity":1}],"currency":"MYR","notes":"Order #1768411910742"},"success_redirect":"https://ezytix4u.com/bookings/chipin/callback?payment_id={payment_id}","failure_redirect":"https://ezytix4u.com/bookings/chipin/callback?status=failed&payment_id={payment_id}","success_callback":"https://ezytix4u.com/bookings/chipin/overview/callbacks","reference":"1768411910742","return_payment_id":true} 
[2026-01-14 17:31:50] production.INFO: Chipin Create Payment Response {"status_code":400,"response":{"__all__":[{"message":"No payment method is available for this combination of brand, currency, `skip_capture` and amount. This might be caused by triggering limiting rules that have blocked available payment methods. Please check rules! For more assistance please contact support, mentioning the values of these 4 fields you tried to use.","code":"purchase_no_available_payment_method"}]},"duration":0.3603479862213135} 